\BOOKMARK [0][-]{toc.0}{\376\377\000T\000a\000b\000l\000e\000\040\000o\000f\000\040\000C\000o\000n\000t\000e\000n\000t\000s}{}% 1
\BOOKMARK [0][-]{chapter.1}{\376\377\000I\000n\000t\000r\000o\000d\000u\000c\000t\000i\000o\000n}{}% 2
\BOOKMARK [0][-]{chapter.2}{\376\377\000R\000e\000l\000a\000t\000e\000d\000\040\000W\000o\000r\000k}{}% 3
\BOOKMARK [1][-]{section.2.1}{\376\377\000E\000U\000\040\000C\000y\000b\000e\000r\000s\000e\000c\000u\000r\000i\000t\000y\000\040\000R\000e\000g\000u\000l\000a\000t\000o\000r\000y\000\040\000L\000a\000n\000d\000s\000c\000a\000p\000e}{chapter.2}% 4
\BOOKMARK [1][-]{section.2.2}{\376\377\000G\000e\000n\000A\000I\000\040\000f\000o\000r\000\040\000S\000e\000c\000u\000r\000i\000t\000y\000\040\000O\000p\000e\000r\000a\000t\000i\000o\000n\000s\000\040\000a\000n\000d\000\040\000R\000e\000p\000o\000r\000t\000i\000n\000g}{chapter.2}% 5
\BOOKMARK [1][-]{section.2.3}{\376\377\000L\000o\000g\000\040\000A\000n\000a\000l\000y\000t\000i\000c\000s\000\040\000F\000o\000u\000n\000d\000a\000t\000i\000o\000n\000s\000\040\000f\000o\000r\000\040\000E\000v\000i\000d\000e\000n\000c\000e\000-\000B\000a\000s\000e\000d\000\040\000R\000e\000p\000o\000r\000t\000i\000n\000g}{chapter.2}% 6
\BOOKMARK [1][-]{section.2.4}{\376\377\000T\000e\000c\000h\000n\000i\000c\000a\000l\000\040\000F\000o\000u\000n\000d\000a\000t\000i\000o\000n\000s\000:\000\040\000R\000A\000G\000,\000\040\000S\000F\000T\000,\000\040\000L\000o\000R\000A\000,\000\040\000a\000n\000d\000\040\000P\000r\000o\000m\000p\000t\000\040\000E\000n\000g\000i\000n\000e\000e\000r\000i\000n\000g}{chapter.2}% 7
\BOOKMARK [1][-]{section.2.5}{\376\377\000L\000i\000g\000h\000t\000w\000e\000i\000g\000h\000t\000\040\000v\000s\000.\000\040\000C\000l\000o\000u\000d\000\040\000L\000L\000M\000s\000:\000\040\000L\000a\000t\000e\000n\000c\000y\000\040\000a\000n\000d\000\040\000H\000a\000l\000l\000u\000c\000i\000n\000a\000t\000i\000o\000n\000\040\000T\000r\000a\000d\000e\000-\000o\000f\000f\000s}{chapter.2}% 8
\BOOKMARK [0][-]{chapter.3}{\376\377\000S\000y\000s\000t\000e\000m\000\040\000D\000e\000s\000i\000g\000n}{}% 9
\BOOKMARK [1][-]{section.3.1}{\376\377\000L\000i\000m\000i\000t\000a\000t\000i\000o\000n\000s\000\040\000o\000f\000\040\000E\000x\000i\000s\000t\000i\000n\000g\000\040\000A\000p\000p\000r\000o\000a\000c\000h\000e\000s}{chapter.3}% 10
\BOOKMARK [1][-]{section.3.2}{\376\377\000G\000e\000n\000e\000r\000a\000t\000i\000o\000n\000\040\000S\000t\000r\000a\000t\000e\000g\000y\000\040\000S\000e\000l\000e\000c\000t\000i\000o\000n}{chapter.3}% 11
\BOOKMARK [1][-]{section.3.3}{\376\377\000D\000a\000t\000a\000\040\000S\000o\000u\000r\000c\000e\000s\000\040\000a\000n\000d\000\040\000E\000v\000i\000d\000e\000n\000c\000e\000\040\000A\000r\000t\000i\000f\000a\000c\000t\000s}{chapter.3}% 12
\BOOKMARK [2][-]{subsection.3.3.1}{\376\377\000P\000r\000i\000m\000a\000r\000y\000\040\000d\000a\000t\000a\000s\000e\000t\000:\000\040\000R\000i\000s\000k\000-\000B\000a\000s\000e\000d\000\040\000A\000u\000t\000h\000e\000n\000t\000i\000c\000a\000t\000i\000o\000n\000\040\000\050\000R\000B\000A\000\051}{section.3.3}% 13
\BOOKMARK [2][-]{subsection.3.3.2}{\376\377\000A\000d\000d\000i\000t\000i\000o\000n\000a\000l\000\040\000d\000a\000t\000a\000s\000e\000t\000s\000\040\000f\000o\000r\000\040\000m\000u\000l\000t\000i\000-\000f\000o\000r\000m\000a\000t\000\040\000s\000u\000p\000p\000o\000r\000t}{section.3.3}% 14
\BOOKMARK [2][-]{subsection.3.3.3}{\376\377\000E\000v\000i\000d\000e\000n\000c\000e\000\040\000p\000r\000e\000s\000e\000r\000v\000a\000t\000i\000o\000n}{section.3.3}% 15
\BOOKMARK [1][-]{section.3.4}{\376\377\000A\000r\000c\000h\000i\000t\000e\000c\000t\000u\000r\000e\000\040\000O\000v\000e\000r\000v\000i\000e\000w}{chapter.3}% 16
\BOOKMARK [2][-]{subsection.3.4.1}{\376\377\000S\000e\000r\000v\000i\000c\000e\000\040\000d\000e\000c\000o\000m\000p\000o\000s\000i\000t\000i\000o\000n}{section.3.4}% 17
\BOOKMARK [2][-]{subsection.3.4.2}{\376\377\000H\000i\000g\000h\000-\000l\000e\000v\000e\000l\000\040\000d\000a\000t\000a\000\040\000f\000l\000o\000w}{section.3.4}% 18
\BOOKMARK [1][-]{section.3.5}{\376\377\000C\000o\000r\000e\000\040\000P\000r\000o\000c\000e\000s\000s\000i\000n\000g\000\040\000P\000i\000p\000e\000l\000i\000n\000e}{chapter.3}% 19
\BOOKMARK [2][-]{subsection.3.5.1}{\376\377\000L\000o\000g\000\040\000i\000n\000g\000e\000s\000t\000i\000o\000n\000\040\000a\000n\000d\000\040\000f\000o\000r\000m\000a\000t\000\040\000d\000e\000t\000e\000c\000t\000i\000o\000n}{section.3.5}% 20
\BOOKMARK [2][-]{subsection.3.5.2}{\376\377\000N\000o\000r\000m\000a\000l\000i\000s\000a\000t\000i\000o\000n\000\040\000t\000o\000\040\000a\000n\000\040\000E\000C\000S\000-\000i\000n\000s\000p\000i\000r\000e\000d\000\040\000s\000c\000h\000e\000m\000a}{section.3.5}% 21
\BOOKMARK [2][-]{subsection.3.5.3}{\376\377\000S\000t\000r\000e\000a\000m\000i\000n\000g\000\040\000m\000e\000t\000r\000i\000c\000\040\000c\000o\000m\000p\000u\000t\000a\000t\000i\000o\000n}{section.3.5}% 22
\BOOKMARK [2][-]{subsection.3.5.4}{\376\377\000T\000i\000m\000e\000-\000w\000i\000n\000d\000o\000w\000e\000d\000\040\000r\000e\000p\000o\000r\000t\000i\000n\000g}{section.3.5}% 23
\BOOKMARK [1][-]{section.3.6}{\376\377\000R\000A\000G\000\040\000a\000n\000d\000\040\000A\000g\000e\000n\000t\000\040\000S\000u\000b\000s\000y\000s\000t\000e\000m\000\040\000D\000e\000s\000i\000g\000n}{chapter.3}% 24
\BOOKMARK [2][-]{subsection.3.6.1}{\376\377\000K\000n\000o\000w\000l\000e\000d\000g\000e\000\040\000b\000a\000s\000e\000\040\000i\000n\000g\000e\000s\000t\000i\000o\000n\000\040\000a\000n\000d\000\040\000i\000n\000d\000e\000x\000i\000n\000g}{section.3.6}% 25
\BOOKMARK [2][-]{subsection.3.6.2}{\376\377\000F\000A\000I\000S\000S\000-\000b\000a\000s\000e\000d\000\040\000r\000e\000t\000r\000i\000e\000v\000a\000l}{section.3.6}% 26
\BOOKMARK [2][-]{subsection.3.6.3}{\376\377\000C\000o\000n\000f\000i\000d\000e\000n\000c\000e\000\040\000s\000c\000o\000r\000i\000n\000g\000\040\000f\000o\000r\000\040\000c\000h\000a\000t}{section.3.6}% 27
\BOOKMARK [2][-]{subsection.3.6.4}{\376\377\000H\000u\000m\000a\000n\000-\000i\000n\000-\000t\000h\000e\000-\000l\000o\000o\000p\000\040\000a\000g\000e\000n\000t\000s}{section.3.6}% 28
\BOOKMARK [1][-]{section.3.7}{\376\377\000D\000e\000p\000l\000o\000y\000m\000e\000n\000t\000,\000\040\000S\000e\000c\000u\000r\000i\000t\000y\000,\000\040\000a\000n\000d\000\040\000H\000a\000r\000d\000w\000a\000r\000e\000/\000S\000o\000f\000t\000w\000a\000r\000e\000\040\000R\000e\000q\000u\000i\000r\000e\000m\000e\000n\000t\000s}{chapter.3}% 29
\BOOKMARK [2][-]{subsection.3.7.1}{\376\377\000D\000e\000p\000l\000o\000y\000m\000e\000n\000t\000\040\000m\000o\000d\000e\000l}{section.3.7}% 30
\BOOKMARK [2][-]{subsection.3.7.2}{\376\377\000C\000o\000n\000f\000i\000g\000u\000r\000a\000t\000i\000o\000n\000\040\000m\000a\000n\000a\000g\000e\000m\000e\000n\000t}{section.3.7}% 31
\BOOKMARK [2][-]{subsection.3.7.3}{\376\377\000H\000a\000r\000d\000w\000a\000r\000e\000\040\000r\000e\000q\000u\000i\000r\000e\000m\000e\000n\000t\000s}{section.3.7}% 32
\BOOKMARK [2][-]{subsection.3.7.4}{\376\377\000S\000o\000f\000t\000w\000a\000r\000e\000\040\000s\000t\000a\000c\000k}{section.3.7}% 33
\BOOKMARK [1][-]{section.3.8}{\376\377\000S\000u\000m\000m\000a\000r\000y}{chapter.3}% 34
\BOOKMARK [0][-]{chapter.4}{\376\377\000E\000v\000a\000l\000u\000a\000t\000i\000o\000n\000\040\000M\000e\000t\000h\000o\000d\000o\000l\000o\000g\000y}{}% 35
\BOOKMARK [1][-]{section.4.1}{\376\377\000P\000r\000e\000l\000i\000m\000i\000n\000a\000r\000y\000\040\000E\000x\000p\000e\000r\000i\000m\000e\000n\000t\000:\000\040\000L\000o\000R\000A\000\040\000F\000i\000n\000e\000-\000T\000u\000n\000i\000n\000g\000\040\000v\000s\000.\000\040\000R\000A\000G}{chapter.4}% 36
\BOOKMARK [2][-]{subsection.4.1.1}{\376\377\000E\000x\000p\000e\000r\000i\000m\000e\000n\000t\000a\000l\000\040\000S\000e\000t\000u\000p}{section.4.1}% 37
\BOOKMARK [2][-]{subsection.4.1.2}{\376\377\000R\000e\000s\000u\000l\000t\000s\000\040\000a\000n\000d\000\040\000O\000b\000s\000e\000r\000v\000e\000d\000\040\000F\000a\000i\000l\000u\000r\000e\000s}{section.4.1}% 38
\BOOKMARK [2][-]{subsection.4.1.3}{\376\377\000A\000n\000a\000l\000y\000s\000i\000s\000\040\000o\000f\000\040\000F\000a\000i\000l\000u\000r\000e\000\040\000F\000a\000c\000t\000o\000r\000s}{section.4.1}% 39
\BOOKMARK [2][-]{subsection.4.1.4}{\376\377\000I\000m\000p\000l\000i\000c\000a\000t\000i\000o\000n\000s\000\040\000f\000o\000r\000\040\000t\000h\000e\000\040\000M\000a\000i\000n\000\040\000E\000v\000a\000l\000u\000a\000t\000i\000o\000n}{section.4.1}% 40
\BOOKMARK [1][-]{section.4.2}{\376\377\000E\000v\000a\000l\000u\000a\000t\000i\000o\000n\000\040\000D\000e\000s\000i\000g\000n\000\040\000R\000a\000t\000i\000o\000n\000a\000l\000e}{chapter.4}% 41
\BOOKMARK [1][-]{section.4.3}{\376\377\000P\000i\000p\000e\000l\000i\000n\000e\000\040\000I\000n\000s\000t\000r\000u\000m\000e\000n\000t\000a\000t\000i\000o\000n}{chapter.4}% 42
\BOOKMARK [1][-]{section.4.4}{\376\377\000A\000u\000t\000o\000m\000a\000t\000e\000d\000\040\000E\000v\000a\000l\000u\000a\000t\000i\000o\000n\000\040\000M\000e\000t\000r\000i\000c\000s}{chapter.4}% 43
\BOOKMARK [2][-]{subsection.4.4.1}{\376\377\000S\000t\000r\000u\000c\000t\000u\000r\000a\000l\000\040\000C\000o\000m\000p\000l\000i\000a\000n\000c\000e\000\040\000M\000e\000t\000r\000i\000c\000s}{section.4.4}% 44
\BOOKMARK [2][-]{subsection.4.4.2}{\376\377\000A\000n\000a\000l\000y\000t\000i\000c\000a\000l\000\040\000Q\000u\000a\000l\000i\000t\000y\000\040\000M\000e\000t\000r\000i\000c\000s}{section.4.4}% 45
\BOOKMARK [2][-]{subsection.4.4.3}{\376\377\000O\000p\000e\000r\000a\000t\000i\000o\000n\000a\000l\000\040\000P\000e\000r\000f\000o\000r\000m\000a\000n\000c\000e\000\040\000M\000e\000t\000r\000i\000c\000s}{section.4.4}% 46
\BOOKMARK [1][-]{section.4.5}{\376\377\000E\000x\000p\000e\000r\000i\000m\000e\000n\000t\000a\000l\000\040\000S\000e\000t\000u\000p}{chapter.4}% 47
\BOOKMARK [2][-]{subsection.4.5.1}{\376\377\000M\000o\000d\000e\000l\000s\000\040\000U\000n\000d\000e\000r\000\040\000C\000o\000m\000p\000a\000r\000i\000s\000o\000n}{section.4.5}% 48
\BOOKMARK [2][-]{subsection.4.5.2}{\376\377\000E\000v\000a\000l\000u\000a\000t\000i\000o\000n\000\040\000D\000a\000t\000a\000s\000e\000t}{section.4.5}% 49
\BOOKMARK [2][-]{subsection.4.5.3}{\376\377\000R\000u\000n\000\040\000P\000r\000o\000t\000o\000c\000o\000l}{section.4.5}% 50
\BOOKMARK [1][-]{section.4.6}{\376\377\000S\000t\000a\000t\000i\000s\000t\000i\000c\000a\000l\000\040\000T\000e\000s\000t\000i\000n\000g}{chapter.4}% 51
\BOOKMARK [1][-]{section.4.7}{\376\377\000L\000i\000m\000i\000t\000a\000t\000i\000o\000n\000s\000\040\000o\000f\000\040\000t\000h\000e\000\040\000A\000u\000t\000o\000m\000a\000t\000e\000d\000\040\000E\000v\000a\000l\000u\000a\000t\000i\000o\000n}{chapter.4}% 52
\BOOKMARK [1][-]{section.4.8}{\376\377\000L\000L\000M\000-\000a\000s\000-\000a\000-\000J\000u\000d\000g\000e\000\040\000E\000v\000a\000l\000u\000a\000t\000i\000o\000n\000\040\000f\000o\000r\000\040\000R\000e\000g\000u\000l\000a\000t\000o\000r\000y\000\040\000A\000l\000i\000g\000n\000m\000e\000n\000t}{chapter.4}% 53
\BOOKMARK [2][-]{subsection.4.8.1}{\376\377\000E\000v\000a\000l\000u\000a\000t\000i\000o\000n\000\040\000D\000i\000m\000e\000n\000s\000i\000o\000n\000s\000\040\000a\000n\000d\000\040\000R\000u\000b\000r\000i\000c\000\040\000D\000e\000s\000i\000g\000n}{section.4.8}% 54
\BOOKMARK [2][-]{subsection.4.8.2}{\376\377\000M\000u\000l\000t\000i\000-\000J\000u\000d\000g\000e\000\040\000P\000a\000n\000e\000l\000\040\000D\000e\000s\000i\000g\000n}{section.4.8}% 55
\BOOKMARK [2][-]{subsection.4.8.3}{\376\377\000S\000a\000m\000p\000l\000i\000n\000g\000\040\000S\000t\000r\000a\000t\000e\000g\000y}{section.4.8}% 56
\BOOKMARK [2][-]{subsection.4.8.4}{\376\377\000A\000c\000c\000e\000s\000s\000\040\000C\000o\000n\000t\000r\000o\000l\000\040\000T\000o\000p\000i\000c\000\040\000C\000o\000v\000e\000r\000a\000g\000e}{section.4.8}% 57
\BOOKMARK [2][-]{subsection.4.8.5}{\376\377\000V\000i\000a\000b\000i\000l\000i\000t\000y\000\040\000A\000s\000s\000e\000s\000s\000m\000e\000n\000t}{section.4.8}% 58
\BOOKMARK [0][-]{chapter.5}{\376\377\000E\000v\000a\000l\000u\000a\000t\000i\000o\000n\000\040\000R\000e\000s\000u\000l\000t\000s}{}% 59
\BOOKMARK [1][-]{section.5.1}{\376\377\000S\000t\000r\000u\000c\000t\000u\000r\000a\000l\000\040\000C\000o\000m\000p\000l\000i\000a\000n\000c\000e\000\040\000M\000e\000t\000r\000i\000c\000s}{chapter.5}% 60
\BOOKMARK [2][-]{subsection.5.1.1}{\376\377\000J\000S\000O\000N\000\040\000P\000a\000r\000s\000e\000\040\000S\000u\000c\000c\000e\000s\000s\000\040\000R\000a\000t\000e}{section.5.1}% 61
\BOOKMARK [2][-]{subsection.5.1.2}{\376\377\000S\000c\000h\000e\000m\000a\000\040\000C\000o\000n\000f\000o\000r\000m\000a\000n\000c\000e\000\040\000R\000a\000t\000e}{section.5.1}% 62
\BOOKMARK [2][-]{subsection.5.1.3}{\376\377\000F\000i\000n\000d\000i\000n\000g\000\040\000F\000i\000e\000l\000d\000\040\000C\000o\000m\000p\000l\000e\000t\000e\000n\000e\000s\000s}{section.5.1}% 63
\BOOKMARK [2][-]{subsection.5.1.4}{\376\377\000S\000e\000v\000e\000r\000i\000t\000y\000\040\000D\000i\000s\000t\000r\000i\000b\000u\000t\000i\000o\000n\000\040\000V\000a\000l\000i\000d\000i\000t\000y}{section.5.1}% 64
\BOOKMARK [1][-]{section.5.2}{\376\377\000A\000n\000a\000l\000y\000t\000i\000c\000a\000l\000\040\000Q\000u\000a\000l\000i\000t\000y\000\040\000M\000e\000t\000r\000i\000c\000s}{chapter.5}% 65
\BOOKMARK [2][-]{subsection.5.2.1}{\376\377\000F\000i\000n\000d\000i\000n\000g\000s\000\040\000O\000r\000i\000g\000i\000n\000:\000\040\000L\000L\000M\000\040\000v\000s\000.\000\040\000H\000e\000u\000r\000i\000s\000t\000i\000c}{section.5.2}% 66
\BOOKMARK [2][-]{subsection.5.2.2}{\376\377\000R\000e\000s\000p\000o\000n\000s\000e\000\040\000L\000e\000n\000g\000t\000h\000\040\000D\000i\000s\000t\000r\000i\000b\000u\000t\000i\000o\000n}{section.5.2}% 67
\BOOKMARK [1][-]{section.5.3}{\376\377\000O\000p\000e\000r\000a\000t\000i\000o\000n\000a\000l\000\040\000P\000e\000r\000f\000o\000r\000m\000a\000n\000c\000e\000\040\000M\000e\000t\000r\000i\000c\000s}{chapter.5}% 68
\BOOKMARK [2][-]{subsection.5.3.1}{\376\377\000L\000a\000t\000e\000n\000c\000y}{section.5.3}% 69
\BOOKMARK [2][-]{subsection.5.3.2}{\376\377\000T\000o\000k\000e\000n\000\040\000a\000n\000d\000\040\000C\000o\000s\000t\000\040\000E\000s\000t\000i\000m\000a\000t\000i\000o\000n}{section.5.3}% 70
\BOOKMARK [2][-]{subsection.5.3.3}{\376\377\000C\000r\000o\000s\000s\000-\000R\000u\000n\000\040\000C\000o\000n\000s\000i\000s\000t\000e\000n\000c\000y}{section.5.3}% 71
\BOOKMARK [1][-]{section.5.4}{\376\377\000S\000t\000a\000t\000i\000s\000t\000i\000c\000a\000l\000\040\000T\000e\000s\000t\000i\000n\000g}{chapter.5}% 72
\BOOKMARK [2][-]{subsection.5.4.1}{\376\377\000M\000a\000n\000n\040\023\000W\000h\000i\000t\000n\000e\000y\000\040\000U\000\040\000t\000e\000s\000t}{section.5.4}% 73
\BOOKMARK [1][-]{section.5.5}{\376\377\000L\000L\000M\000-\000a\000s\000-\000a\000-\000J\000u\000d\000g\000e\000\040\000Q\000u\000a\000l\000i\000t\000y\000\040\000E\000v\000a\000l\000u\000a\000t\000i\000o\000n}{chapter.5}% 74
\BOOKMARK [2][-]{subsection.5.5.1}{\376\377\000R\000u\000b\000r\000i\000c\000-\000B\000a\000s\000e\000d\000\040\000Q\000u\000a\000l\000i\000t\000y\000\040\000S\000c\000o\000r\000e\000s}{section.5.5}% 75
\BOOKMARK [2][-]{subsection.5.5.2}{\376\377\000I\000n\000t\000e\000r\000-\000J\000u\000d\000g\000e\000\040\000A\000g\000r\000e\000e\000m\000e\000n\000t\000\040\000a\000n\000d\000\040\000S\000e\000l\000f\000-\000E\000n\000h\000a\000n\000c\000e\000m\000e\000n\000t\000\040\000B\000i\000a\000s}{section.5.5}% 76
\BOOKMARK [2][-]{subsection.5.5.3}{\376\377\000B\000i\000a\000s\000-\000A\000d\000j\000u\000s\000t\000e\000d\000\040\000C\000o\000m\000p\000a\000r\000i\000s\000o\000n\000\040\000a\000n\000d\000\040\000S\000t\000a\000t\000i\000s\000t\000i\000c\000a\000l\000\040\000T\000e\000s\000t\000s}{section.5.5}% 77
\BOOKMARK [2][-]{subsection.5.5.4}{\376\377\000A\000c\000c\000e\000s\000s\000\040\000C\000o\000n\000t\000r\000o\000l\000\040\000T\000o\000p\000i\000c\000\040\000C\000o\000v\000e\000r\000a\000g\000e}{section.5.5}% 78
\BOOKMARK [1][-]{section.5.6}{\376\377\000S\000u\000m\000m\000a\000r\000y\000\040\000C\000o\000m\000p\000a\000r\000i\000s\000o\000n}{chapter.5}% 79
\BOOKMARK [0][-]{chapter.6}{\376\377\000C\000o\000n\000c\000l\000u\000s\000i\000o\000n}{}% 80
\BOOKMARK [1][-]{section.6.1}{\376\377\000S\000u\000m\000m\000a\000r\000y\000\040\000o\000f\000\040\000O\000b\000j\000e\000c\000t\000i\000v\000e\000s\000\040\000a\000n\000d\000\040\000C\000o\000n\000t\000r\000i\000b\000u\000t\000i\000o\000n\000s}{chapter.6}% 81
\BOOKMARK [1][-]{section.6.2}{\376\377\000K\000e\000y\000\040\000D\000e\000s\000i\000g\000n\000\040\000D\000e\000c\000i\000s\000i\000o\000n\000s\000\040\000a\000n\000d\000\040\000T\000h\000e\000i\000r\000\040\000O\000u\000t\000c\000o\000m\000e\000s}{chapter.6}% 82
\BOOKMARK [1][-]{section.6.3}{\376\377\000E\000v\000a\000l\000u\000a\000t\000i\000o\000n\000\040\000F\000i\000n\000d\000i\000n\000g\000s}{chapter.6}% 83
\BOOKMARK [1][-]{section.6.4}{\376\377\000E\000t\000h\000i\000c\000a\000l\000\040\000C\000o\000n\000s\000i\000d\000e\000r\000a\000t\000i\000o\000n\000s}{chapter.6}% 84
\BOOKMARK [1][-]{section.6.5}{\376\377\000L\000i\000m\000i\000t\000a\000t\000i\000o\000n\000s}{chapter.6}% 85
\BOOKMARK [1][-]{section.6.6}{\376\377\000F\000u\000t\000u\000r\000e\000\040\000W\000o\000r\000k}{chapter.6}% 86
